// Jest Snapshot v1, https://goo.gl/fbAQLP

exports[`Show the Where Are page Snapshots Matches the snapshot (with default params) 1`] = `
<div
  className="page"
>
  <div
    className="container"
  >
    <div
      className="row"
    >
      <div
        className="col-sm-8"
      >
        <div
          className="page whereare jumbotron"
        >
          <h2>
            Where Are
          </h2>
          <p>
            This is the where are page
          </p>
          <hr />
          <p>
            Lorem ipsum dolor sit amet, consectetur adipiscing elit. Maecenas ut est non mauris iaculis vulputate. Vivamus luctus sapien et nisl mattis consequat. Vestibulum nec varius sem. Curabitur aliquet sapien in diam efficitur euismod. Fusce molestie nibh vel suscipit eleifend. Suspendisse dignissim et lectus at tempus. Nam feugiat lorem ut pharetra porta. Duis hendrerit hendrerit metus, vel laoreet libero commodo sed. Curabitur nunc eros, venenatis et diam a, hendrerit volutpat neque. Aliquam tempus cursus efficitur. Proin consequat fringilla massa, vitae imperdiet nibh feugiat at. Nulla malesuada vestibulum dolor et euismod. Donec eu urna urna.
          </p>
          <p>
            Sed imperdiet nunc eget ante aliquam auctor. Aliquam rhoncus quam sed sodales imperdiet. Aliquam erat volutpat. Sed mattis luctus pretium. Suspendisse tempor, nunc quis consectetur aliquam, metus orci porttitor augue, nec malesuada ipsum mauris eget tortor. Donec ut eleifend lorem. Quisque sagittis fermentum suscipit. Sed quis efficitur ex.
          </p>
          <div
            className="list-group list-group-flush"
            onKeyDown={[Function]}
          >
            <div
              className="list-group-item"
              data-rb-event-key={null}
              disabled={false}
              onClick={[Function]}
            >
              legal office
               
              <span
                className="badge badge-info"
              >
                U.S.A.
              </span>
            </div>
            <div
              className="list-group-item"
              data-rb-event-key={null}
              disabled={false}
              onClick={[Function]}
            >
              operative office
               
              <span
                className="badge badge-info"
              >
                Italy
              </span>
            </div>
            <div
              className="list-group-item"
              data-rb-event-key={null}
              disabled={false}
              onClick={[Function]}
            >
              logistic office
               
              <span
                className="badge badge-info"
              >
                Germany
              </span>
            </div>
          </div>
        </div>
      </div>
      <div
        className="col-sm-4"
      >
        <div
          className="accordion"
        >
          <div
            className="place card"
          >
            <div
              className="card-header"
            >
              <button
                className="btn btn-link"
                disabled={false}
                onClick={[Function]}
                type="button"
              >
                <h4
                  className="pl_title"
                >
                  legal office
                </h4>
              </button>
            </div>
            <div
              aria-expanded={null}
              className="collapse"
            >
              <div
                className="card-body"
              >
                <p
                  className="pl_description"
                >
                  Our legal office where we do burocratic stuffs
                </p>
                <dl>
                  <dt>
                    Phone
                  </dt>
                  <dd>
                    +00102020
                  </dd>
                  <dt>
                    Address
                  </dt>
                  <dd>
                    New York City
                  </dd>
                  <dt>
                    Country
                  </dt>
                  <dd>
                    U.S.A.
                  </dd>
                </dl>
              </div>
            </div>
          </div>
          <div
            className="place card"
          >
            <div
              className="card-header"
            >
              <button
                className="btn btn-link"
                disabled={false}
                onClick={[Function]}
                type="button"
              >
                <h4
                  className="pl_title"
                >
                  operative office
                </h4>
              </button>
            </div>
            <div
              aria-expanded={null}
              className="collapse"
            >
              <div
                className="card-body"
              >
                <p
                  className="pl_description"
                >
                  Our operative office where we do pratical stuffs
                </p>
                <dl>
                  <dt>
                    Phone
                  </dt>
                  <dd>
                    +003902020
                  </dd>
                  <dt>
                    Address
                  </dt>
                  <dd>
                    Milan
                  </dd>
                  <dt>
                    Country
                  </dt>
                  <dd>
                    Italy
                  </dd>
                </dl>
              </div>
            </div>
          </div>
          <div
            className="place card"
          >
            <div
              className="card-header"
            >
              <button
                className="btn btn-link"
                disabled={false}
                onClick={[Function]}
                type="button"
              >
                <h4
                  className="pl_title"
                >
                  logistic office
                </h4>
              </button>
            </div>
            <div
              aria-expanded={null}
              className="collapse"
            >
              <div
                className="card-body"
              >
                <p
                  className="pl_description"
                >
                  Our logistic office where we do delivery operations
                </p>
                <dl>
                  <dt>
                    Phone
                  </dt>
                  <dd>
                    +0042102020
                  </dd>
                  <dt>
                    Address
                  </dt>
                  <dd>
                    Hamburg
                  </dd>
                  <dt>
                    Country
                  </dt>
                  <dd>
                    Germany
                  </dd>
                </dl>
              </div>
            </div>
          </div>
        </div>
      </div>
    </div>
  </div>
  <div
    className="block_file"
  >
    <span
      className="block_file_name"
    >
      file: /data/home_messages.json
    </span>
    <pre
      style={
        Object {
          "MozBoxSizing": "border-box",
          "MozHyphens": "none",
          "MozTabSize": "4",
          "OTabSize": "4",
          "WebkitBoxSizing": "border-box",
          "WebkitHyphens": "none",
          "background": "none",
          "backgroundColor": "#fdfdfd",
          "boxSizing": "border-box",
          "color": "black",
          "fontFamily": "Consolas, Monaco, 'Andale Mono', 'Ubuntu Mono', monospace",
          "hyphens": "none",
          "lineHeight": "1.5",
          "margin": ".5em 0",
          "marginBottom": "1em",
          "msHyphens": "none",
          "overflow": "visible",
          "padding": "0",
          "position": "relative",
          "tabSize": "4",
          "textAlign": "left",
          "whiteSpace": "pre",
          "wordBreak": "normal",
          "wordSpacing": "normal",
          "wordWrap": "normal",
        }
      }
    >
      <code
        style={
          Object {
            "MozHyphens": "none",
            "MozTabSize": "4",
            "OTabSize": "4",
            "WebkitHyphens": "none",
            "background": "none",
            "color": "black",
            "fontFamily": "Consolas, Monaco, 'Andale Mono', 'Ubuntu Mono', monospace",
            "hyphens": "none",
            "lineHeight": "1.5",
            "msHyphens": "none",
            "tabSize": "4",
            "textAlign": "left",
            "whiteSpace": "pre",
            "wordBreak": "normal",
            "wordSpacing": "normal",
            "wordWrap": "normal",
          }
        }
      >
        <span
          className="token"
          style={
            Object {
              "color": "#5F6364",
            }
          }
        >
          [
        </span>
        
  
        <span
          className="token"
          style={
            Object {
              "color": "#5F6364",
            }
          }
        >
          {
        </span>
        
    
        <span
          className="token"
          style={
            Object {
              "color": "#c92c2c",
            }
          }
        >
          "id"
        </span>
        <span
          className="token"
          style={
            Object {
              "background": "rgba(255, 255, 255, 0.5)",
              "color": "#a67f59",
            }
          }
        >
          :
        </span>
         
        <span
          className="token"
          style={
            Object {
              "color": "#c92c2c",
            }
          }
        >
          1
        </span>
        <span
          className="token"
          style={
            Object {
              "color": "#5F6364",
            }
          }
        >
          ,
        </span>
        
    
        <span
          className="token"
          style={
            Object {
              "color": "#c92c2c",
            }
          }
        >
          "title"
        </span>
        <span
          className="token"
          style={
            Object {
              "background": "rgba(255, 255, 255, 0.5)",
              "color": "#a67f59",
            }
          }
        >
          :
        </span>
         
        <span
          className="token"
          style={
            Object {
              "color": "#2f9c0a",
            }
          }
        >
          "legal office"
        </span>
        <span
          className="token"
          style={
            Object {
              "color": "#5F6364",
            }
          }
        >
          ,
        </span>
        
    
        <span
          className="token"
          style={
            Object {
              "color": "#c92c2c",
            }
          }
        >
          "address"
        </span>
        <span
          className="token"
          style={
            Object {
              "background": "rgba(255, 255, 255, 0.5)",
              "color": "#a67f59",
            }
          }
        >
          :
        </span>
         
        <span
          className="token"
          style={
            Object {
              "color": "#2f9c0a",
            }
          }
        >
          "New York City"
        </span>
        <span
          className="token"
          style={
            Object {
              "color": "#5F6364",
            }
          }
        >
          ,
        </span>
        
    
        <span
          className="token"
          style={
            Object {
              "color": "#c92c2c",
            }
          }
        >
          "country"
        </span>
        <span
          className="token"
          style={
            Object {
              "background": "rgba(255, 255, 255, 0.5)",
              "color": "#a67f59",
            }
          }
        >
          :
        </span>
         
        <span
          className="token"
          style={
            Object {
              "color": "#2f9c0a",
            }
          }
        >
          "U.S.A."
        </span>
        <span
          className="token"
          style={
            Object {
              "color": "#5F6364",
            }
          }
        >
          ,
        </span>
        
    
        <span
          className="token"
          style={
            Object {
              "color": "#c92c2c",
            }
          }
        >
          "phone"
        </span>
        <span
          className="token"
          style={
            Object {
              "background": "rgba(255, 255, 255, 0.5)",
              "color": "#a67f59",
            }
          }
        >
          :
        </span>
         
        <span
          className="token"
          style={
            Object {
              "color": "#2f9c0a",
            }
          }
        >
          "+00102020"
        </span>
        <span
          className="token"
          style={
            Object {
              "color": "#5F6364",
            }
          }
        >
          ,
        </span>
        
    
        <span
          className="token"
          style={
            Object {
              "color": "#c92c2c",
            }
          }
        >
          "description"
        </span>
        <span
          className="token"
          style={
            Object {
              "background": "rgba(255, 255, 255, 0.5)",
              "color": "#a67f59",
            }
          }
        >
          :
        </span>
         
        <span
          className="token"
          style={
            Object {
              "color": "#2f9c0a",
            }
          }
        >
          "Our legal office where we do burocratic stuffs"
        </span>
        
  
        <span
          className="token"
          style={
            Object {
              "color": "#5F6364",
            }
          }
        >
          }
        </span>
        <span
          className="token"
          style={
            Object {
              "color": "#5F6364",
            }
          }
        >
          ,
        </span>
        
  
        <span
          className="token"
          style={
            Object {
              "color": "#5F6364",
            }
          }
        >
          {
        </span>
        
    
        <span
          className="token"
          style={
            Object {
              "color": "#c92c2c",
            }
          }
        >
          "id"
        </span>
        <span
          className="token"
          style={
            Object {
              "background": "rgba(255, 255, 255, 0.5)",
              "color": "#a67f59",
            }
          }
        >
          :
        </span>
         
        <span
          className="token"
          style={
            Object {
              "color": "#c92c2c",
            }
          }
        >
          2
        </span>
        <span
          className="token"
          style={
            Object {
              "color": "#5F6364",
            }
          }
        >
          ,
        </span>
        
    
        <span
          className="token"
          style={
            Object {
              "color": "#c92c2c",
            }
          }
        >
          "title"
        </span>
        <span
          className="token"
          style={
            Object {
              "background": "rgba(255, 255, 255, 0.5)",
              "color": "#a67f59",
            }
          }
        >
          :
        </span>
         
        <span
          className="token"
          style={
            Object {
              "color": "#2f9c0a",
            }
          }
        >
          "operative office"
        </span>
        <span
          className="token"
          style={
            Object {
              "color": "#5F6364",
            }
          }
        >
          ,
        </span>
        
    
        <span
          className="token"
          style={
            Object {
              "color": "#c92c2c",
            }
          }
        >
          "address"
        </span>
        <span
          className="token"
          style={
            Object {
              "background": "rgba(255, 255, 255, 0.5)",
              "color": "#a67f59",
            }
          }
        >
          :
        </span>
         
        <span
          className="token"
          style={
            Object {
              "color": "#2f9c0a",
            }
          }
        >
          "Milan"
        </span>
        <span
          className="token"
          style={
            Object {
              "color": "#5F6364",
            }
          }
        >
          ,
        </span>
        
    
        <span
          className="token"
          style={
            Object {
              "color": "#c92c2c",
            }
          }
        >
          "country"
        </span>
        <span
          className="token"
          style={
            Object {
              "background": "rgba(255, 255, 255, 0.5)",
              "color": "#a67f59",
            }
          }
        >
          :
        </span>
         
        <span
          className="token"
          style={
            Object {
              "color": "#2f9c0a",
            }
          }
        >
          "Italy"
        </span>
        <span
          className="token"
          style={
            Object {
              "color": "#5F6364",
            }
          }
        >
          ,
        </span>
        
    
        <span
          className="token"
          style={
            Object {
              "color": "#c92c2c",
            }
          }
        >
          "phone"
        </span>
        <span
          className="token"
          style={
            Object {
              "background": "rgba(255, 255, 255, 0.5)",
              "color": "#a67f59",
            }
          }
        >
          :
        </span>
         
        <span
          className="token"
          style={
            Object {
              "color": "#2f9c0a",
            }
          }
        >
          "+003902020"
        </span>
        <span
          className="token"
          style={
            Object {
              "color": "#5F6364",
            }
          }
        >
          ,
        </span>
        
    
        <span
          className="token"
          style={
            Object {
              "color": "#c92c2c",
            }
          }
        >
          "description"
        </span>
        <span
          className="token"
          style={
            Object {
              "background": "rgba(255, 255, 255, 0.5)",
              "color": "#a67f59",
            }
          }
        >
          :
        </span>
         
        <span
          className="token"
          style={
            Object {
              "color": "#2f9c0a",
            }
          }
        >
          "Our operative office where we do pratical stuffs"
        </span>
        
  
        <span
          className="token"
          style={
            Object {
              "color": "#5F6364",
            }
          }
        >
          }
        </span>
        <span
          className="token"
          style={
            Object {
              "color": "#5F6364",
            }
          }
        >
          ,
        </span>
        
  
        <span
          className="token"
          style={
            Object {
              "color": "#5F6364",
            }
          }
        >
          {
        </span>
        
    
        <span
          className="token"
          style={
            Object {
              "color": "#c92c2c",
            }
          }
        >
          "id"
        </span>
        <span
          className="token"
          style={
            Object {
              "background": "rgba(255, 255, 255, 0.5)",
              "color": "#a67f59",
            }
          }
        >
          :
        </span>
         
        <span
          className="token"
          style={
            Object {
              "color": "#c92c2c",
            }
          }
        >
          3
        </span>
        <span
          className="token"
          style={
            Object {
              "color": "#5F6364",
            }
          }
        >
          ,
        </span>
        
    
        <span
          className="token"
          style={
            Object {
              "color": "#c92c2c",
            }
          }
        >
          "title"
        </span>
        <span
          className="token"
          style={
            Object {
              "background": "rgba(255, 255, 255, 0.5)",
              "color": "#a67f59",
            }
          }
        >
          :
        </span>
         
        <span
          className="token"
          style={
            Object {
              "color": "#2f9c0a",
            }
          }
        >
          "logistic office"
        </span>
        <span
          className="token"
          style={
            Object {
              "color": "#5F6364",
            }
          }
        >
          ,
        </span>
        
    
        <span
          className="token"
          style={
            Object {
              "color": "#c92c2c",
            }
          }
        >
          "address"
        </span>
        <span
          className="token"
          style={
            Object {
              "background": "rgba(255, 255, 255, 0.5)",
              "color": "#a67f59",
            }
          }
        >
          :
        </span>
         
        <span
          className="token"
          style={
            Object {
              "color": "#2f9c0a",
            }
          }
        >
          "Hamburg"
        </span>
        <span
          className="token"
          style={
            Object {
              "color": "#5F6364",
            }
          }
        >
          ,
        </span>
        
    
        <span
          className="token"
          style={
            Object {
              "color": "#c92c2c",
            }
          }
        >
          "country"
        </span>
        <span
          className="token"
          style={
            Object {
              "background": "rgba(255, 255, 255, 0.5)",
              "color": "#a67f59",
            }
          }
        >
          :
        </span>
         
        <span
          className="token"
          style={
            Object {
              "color": "#2f9c0a",
            }
          }
        >
          "Germany"
        </span>
        <span
          className="token"
          style={
            Object {
              "color": "#5F6364",
            }
          }
        >
          ,
        </span>
        
    
        <span
          className="token"
          style={
            Object {
              "color": "#c92c2c",
            }
          }
        >
          "phone"
        </span>
        <span
          className="token"
          style={
            Object {
              "background": "rgba(255, 255, 255, 0.5)",
              "color": "#a67f59",
            }
          }
        >
          :
        </span>
         
        <span
          className="token"
          style={
            Object {
              "color": "#2f9c0a",
            }
          }
        >
          "+0042102020"
        </span>
        <span
          className="token"
          style={
            Object {
              "color": "#5F6364",
            }
          }
        >
          ,
        </span>
        
    
        <span
          className="token"
          style={
            Object {
              "color": "#c92c2c",
            }
          }
        >
          "description"
        </span>
        <span
          className="token"
          style={
            Object {
              "background": "rgba(255, 255, 255, 0.5)",
              "color": "#a67f59",
            }
          }
        >
          :
        </span>
         
        <span
          className="token"
          style={
            Object {
              "color": "#2f9c0a",
            }
          }
        >
          "Our logistic office where we do delivery operations"
        </span>
        
  
        <span
          className="token"
          style={
            Object {
              "color": "#5F6364",
            }
          }
        >
          }
        </span>
        

        <span
          className="token"
          style={
            Object {
              "color": "#5F6364",
            }
          }
        >
          ]
        </span>
      </code>
    </pre>
  </div>
  <header
    className="partial about menu"
  >
    <nav
      className="justify-content-center navbar navbar-expand navbar-tabs"
      fill="true"
    >
      <button
        aria-controls="basic-navbar-nav"
        aria-label="Toggle navigation"
        className="navbar-toggler collapsed"
        onClick={[Function]}
        type="button"
      >
        <span
          className="navbar-toggler-icon"
        />
      </button>
      <div
        aria-expanded={null}
        className="navbar-collapse collapse"
        id="basic-navbar-nav"
      >
        <div
          className="mr-auto navbar-nav"
          onKeyDown={[Function]}
        >
          <a
            className="nav-link"
            data-rb-event-key="/#/about"
            href="/#/about"
            onClick={[Function]}
            onKeyDown={[Function]}
          >
            About Us
          </a>
          <a
            className="nav-link"
            data-rb-event-key="/#/about/whoare"
            href="/#/about/whoare"
            onClick={[Function]}
            onKeyDown={[Function]}
          >
            Who Are
          </a>
          <a
            className="nav-link"
            data-rb-event-key="/#/about/whereare"
            href="/#/about/whereare"
            onClick={[Function]}
            onKeyDown={[Function]}
          >
            Where Are
          </a>
        </div>
      </div>
    </nav>
  </header>
</div>
`;
